// Jest Snapshot v1, https://goo.gl/fbAQLP

exports[`Not Found Page:  Should render not found page correctly 1`] = `
<div>
  <div
    class="notfound"
  >
    <h3>
      Page Not Found
    </h3>
    <p
      class="goTo"
    >
      <a
        href="/"
      >
        Got to Home page
      </a>
    </p>
  </div>
</div>
`;
